apiVersion: v1
data:
  apikey: ZGV2IGFwaSBrZXkK
kind: Secret
metadata:
  name: secret-object-name-bd2bgm55kb
  namespace: mynamespace
type: Opaque
---
apiVersion: apps/v1
kind: Deployment
metadata:
  name: helloworld
  namespace: mynamespace
spec:
  replicas: 1
  selector:
    matchLabels:
      app: helloworld
  template:
    metadata:
      labels:
        app: helloworld
    spec:
      containers:
      - env:
        - name: API_KEY
          valueFrom:
            secretKeyRef:
              key: apikey
              name: secret-object-name-bd2bgm55kb
        image: gcr.io/repo/someimage@sha:1234567890
        name: helloworld
        resources:
          requests:
            memory: 2Mi
